source_name_;checksum_;source_path_;is_folder_class_;dest_path_;dest_name_;dest_checksum_;fext_;
Singleton;4125136848;herbert_core\classes;0;\classes;;;.m
equal_to_tol;3191651861;herbert_core\utilities\maths;0;utilities/general;;;.m
check_file_exist;1417558374;herbert_core\classes\data_loaders;0;\classes\data_loaders;;;.m
find_dataset_info;1572057549;herbert_core\utilities\hdf_nexus;0;\classes\data_loaders;;;.m
find_root_nexus_dir;2828112836;herbert_core\utilities\hdf_nexus;0;\classes\data_loaders;;;.m
get_hor_format;3486973525;herbert_core\classes\data_loaders;0;\classes\data_loaders;;;.m
IIget_ascii_file;1797327829;\_lowlevelcode\cpp\get_ascii_file;0;_LowLevelCode\32and64after7.4;;;.cpp
get_ascii_file;2613474625;\_lowlevelcode\cpp\get_ascii_file;0;_LowLevelCode\32and64after7.4;;;.cpp
config_base;969024614;herbert_core\configuration\@config_base;1;classes\configuration\@config_bas_msl;config_bas_msl;2855037899;.m;2;config_base;config_bas_msl;config_store;config_stor_msl
get;865267423;herbert_core\configuration\@config_base;0;classes/configuration/@config_bas_msl;;;.m
get_all;2707454094;herbert_core\configuration\@config_base;0;classes/configuration/@config_bas_msl;;2849171013;.m;1;config_store;config_stor_msl
set;644363958;herbert_core\configuration\@config_base;0;classes/configuration/@config_bas_msl;;2333499006;.m;1;config_store;config_stor_msl
parse_set_internal;1785328182;herbert_core\configuration\@config_base\private;0;classes/configuration/@config_bas_msl/private;;;.m
config_store;3442727250;herbert_core\configuration\@config_store;1;classes\configuration\@config_stor_msl;config_stor_msl;1674653295;.m;2;config_store;config_stor_msl;config_base;config_bas_msl
check_isconfigured;577265832;herbert_core\configuration\@config_store\private;0;classes/configuration/@config_stor_msl/private;;3975149199;.m;1;config_store;config_stor_msl
clear_particular_config;801062907;herbert_core\configuration\@config_store\private;0;classes/configuration/@config_stor_msl/private;;;.m
config_file_name;2776166367;herbert_core\configuration\@config_store\private;0;classes/configuration/@config_stor_msl/private;;1718450583;.m;1;config_store;config_stor_msl
delete_all_files;1470042634;herbert_core\configuration\@config_store\private;0;classes/configuration/@config_stor_msl/private;;2445552157;.m;1;config_store;config_stor_msl
get_config_val_internal;534779044;herbert_core\configuration\@config_store\private;0;classes/configuration/@config_stor_msl/private;;;.m
load_config_from_file;2911047887;herbert_core\configuration\@config_store\private;0;classes/configuration/@config_stor_msl/private;;;.m
make_config_folder;2553852933;herbert_core\utilities\misc;0;classes\configuration/@config_store/private;;;.m
save_config;3991930591;herbert_core\configuration\@config_store\private;0;classes/configuration/@config_stor_msl/private;;;.m
get_par;1072117221;herbert_core\classes\data_loaders;0;\classes\data_loaders;;2731296857;.m;2;asciipar_loader;asciipar_msl_ldr;loaders_factory;loaders_msl_factory
a_loader;3865491732;herbert_core\classes\data_loaders\@a_loader;1;classes\data_loaders\@a_msl_loader;a_msl_loader;2599035574;.m;2;a_loader;a_msl_loader;asciipar_loader;asciipar_msl_ldr
check_defined_fields_;3905570154;herbert_core\classes\data_loaders\@a_loader\private;0;classes/data_loaders/@a_msl_loader/private;;;.m
data_empty_;4233758918;herbert_core\classes\data_loaders\@a_loader\private;0;classes/data_loaders/@a_msl_loader/private;;;.m
get_consistent_array;3341601105;herbert_core\classes\data_loaders\@a_loader\private;0;classes/data_loaders/@a_msl_loader/private;;;.m
is_loader_valid_internal;2303342402;herbert_core\classes\data_loaders\@a_loader\private;0;classes/data_loaders/@a_msl_loader/private;;;.m
save_nxspe_internal;638467145;herbert_core\classes\data_loaders\@a_loader\private;0;classes/data_loaders/@a_msl_loader/private;;;.m
set_consistent_array;3122081954;herbert_core\classes\data_loaders\@a_loader\private;0;classes/data_loaders/@a_msl_loader/private;;;.m
load_data;2413052570;herbert_core\classes\data_loaders\@loader_ascii;0;classes/data_loaders/@ldr_msl_ascii;;3093741670;.m;1;herbert_config;mslice_config
loader_ascii;2080672555;herbert_core\classes\data_loaders\@loader_ascii;1;classes\data_loaders\@ldr_msl_ascii;ldr_msl_ascii;208586138;.m;2;a_loader;a_msl_loader;loader_ascii;ldr_msl_ascii
get_spe_;4169092817;herbert_core\classes\data_loaders\@loader_ascii\private;0;classes/data_loaders/@ldr_msl_ascii/private;;;.m
load_data;2225733234;herbert_core\classes\data_loaders\@loader_nxspe;0;classes/data_loaders/@ldr_msl_nxspe;;4117650679;.m;1;loader_nxspe;ldr_msl_nxspe
loader_nxspe;3912720314;herbert_core\classes\data_loaders\@loader_nxspe;1;classes\data_loaders\@ldr_msl_nxspe;ldr_msl_nxspe;1251000505;.m;2;a_loader;a_msl_loader;loader_nxspe;ldr_msl_nxspe
loaders_factory;1795552576;herbert_core\classes\data_loaders;0;;loaders_msl_factory;2387056691;.m;4;loaders_factory;loaders_msl_factory;a_loader;a_msl_loader;loader_ascii;ldr_msl_ascii;loader_nxspe;ldr_msl_nxspe
store_internal;3372600400;herbert_core\configuration\@config_store\private;0;classes/configuration/@config_stor_msl/private;;;.m
load_ASCII_phx_as_par;3259859266;herbert_core\classes\data_loaders\@asciipar_loader\private;0;classes/data_loaders/@asciipar_msl_ldr/private;;;.m
set_file_name_;1568515366;herbert_core\classes\data_loaders\@a_loader\private;0;classes/data_loaders/@a_msl_loader/private;;;.m
copy_files_list;3799956326;herbert_core\admin;0;utilities/general;;;.m
Singleton;4125136848;\herbert_core\classes;0;\herbert_core\classes;;;.m
equal_to_tol;3191651861;\herbert_core\utilities\maths;0;utilities/general;;;.m
check_file_exist;1417558374;\herbert_core\classes\data_loaders;0;\herbert_core\classes\data_loaders;;;.m
find_dataset_info;1572057549;\herbert_core\utilities\hdf_nexus;0;\herbert_core\utilities\hdf_nexus;;;.m
find_root_nexus_dir;2828112836;\herbert_core\utilities\hdf_nexus;0;\herbert_core\utilities\hdf_nexus;;;.m
get_hor_format;3486973525;\herbert_core\classes\data_loaders;0;\herbert_core\classes\data_loaders;;;.m
is_idaaas;3446173789;\herbert_core\admin;0;\herbert_core\admin;;;.m
is_jenkins;3009368662;\herbert_core\admin;0;\herbert_core\admin;;;.m
copy_files_list;3799956326;\herbert_core\admin;0;utilities/general;;;.m
a_detpar_loader_interface;2929566561;\herbert_core\classes\data_loaders\@a_detpar_loader_interface;1;classes\data_loaders\@a_detpar_loader_interface;;;.m
check_det_par_;258463496;\herbert_core\classes\data_loaders\@a_detpar_loader_interface\private;0;classes/data_loaders/private;;;.m
check_par_defined_;1729887363;\herbert_core\classes\data_loaders\@a_detpar_loader_interface\private;0;classes/data_loaders/private;;;.m
parse_loadpar_arguments_;2123073413;\herbert_core\classes\data_loaders\@a_detpar_loader_interface\private;0;classes/data_loaders/private;;;.m
get_par;1072117221;\herbert_core\classes\data_loaders;0;utilities/general;;;.m
asciipar_loader;3042219795;\herbert_core\classes\data_loaders\@asciipar_loader;1;classes\data_loaders\@asciipar_msl_ldr;asciipar_msl_ldr;;.m
load_ASCII_par;3803331510;\herbert_core\classes\data_loaders\@asciipar_loader\private;0;classes/data_loaders/@asciipar_msl_ldr/private;;;.m
load_ASCII_phx;858572413;\herbert_core\classes\data_loaders\@asciipar_loader\private;0;classes/data_loaders/@asciipar_msl_ldr/private;;;.m
load_ASCII_phx_as_par;3259859266;\herbert_core\classes\data_loaders\@asciipar_loader\private;0;classes/data_loaders/@asciipar_msl_ldr/private;;;.m
load_phx_or_par_private;1076996652;\herbert_core\classes\data_loaders\@asciipar_loader\private;0;classes/data_loaders/@asciipar_msl_ldr/private;;;.m
a_loader;3865491732;\herbert_core\classes\data_loaders\@a_loader;1;classes\data_loaders\@a_msl_loader;a_msl_loader;;.m
check_defined_fields_;3905570154;\herbert_core\classes\data_loaders\@a_loader\private;0;classes/data_loaders/@a_msl_loader/private;;;.m
data_empty_;4233758918;\herbert_core\classes\data_loaders\@a_loader\private;0;classes/data_loaders/@a_msl_loader/private;;;.m
get_consistent_array;3341601105;\herbert_core\classes\data_loaders\@a_loader\private;0;classes/data_loaders/@a_msl_loader/private;;;.m
is_loader_valid_internal;2303342402;\herbert_core\classes\data_loaders\@a_loader\private;0;classes/data_loaders/@a_msl_loader/private;;;.m
save_nxspe_internal;638467145;\herbert_core\classes\data_loaders\@a_loader\private;0;classes/data_loaders/@a_msl_loader/private;;;.m
set_consistent_array;3122081954;\herbert_core\classes\data_loaders\@a_loader\private;0;classes/data_loaders/@a_msl_loader/private;;;.m
set_file_name_;1568515366;\herbert_core\classes\data_loaders\@a_loader\private;0;classes/data_loaders/@a_msl_loader/private;;;.m
load_data;2413052570;\herbert_core\classes\data_loaders\@loader_ascii;0;classes/data_loaders/@ldr_msl_ascii;;;.m
loader_ascii;2080672555;\herbert_core\classes\data_loaders\@loader_ascii;1;classes\data_loaders\@ldr_msl_ascii;ldr_msl_ascii;;.m
get_spe_;4169092817;\herbert_core\classes\data_loaders\@loader_ascii\private;0;classes/data_loaders/@ldr_msl_ascii/private;;;.m
load_data;2225733234;\herbert_core\classes\data_loaders\@loader_nxspe;0;herbert_core/classes/data_loaders/@ldr_msl_nxspe;;;.m
loader_nxspe;3912720314;\herbert_core\classes\data_loaders\@loader_nxspe;1;\classes\data_loaders\@ldr_msl_nxspe;ldr_msl_nxspe;;.m
loaders_factory;1795552576;\herbert_core\classes\data_loaders;0;/classes/data_loaders/@ldr_msl_nxspe;loaders_msl_factory;2387056691;.m;4;loaders_factory;loaders_msl_factory;a_loader;a_msl_loader;loader_ascii;ldr_msl_ascii;loader_nxspe;ldr_msl_nxspe
get_ascii_file;69539772;\_lowlevelcode\cpp\get_ascii_file;0;_LowLevelCode\32and64after7.4;;;.h 
config_base;969024614;\herbert_core\configuration\@config_base;1;classes\configuration\@config_bas_msl;config_bas_msl;;.m
get;865267423;\herbert_core\configuration\@config_base;0;classes/configuration/@config_bas_msl;;;.m
get_all;2707454094;\herbert_core\configuration\@config_base;0;classes/configuration/@config_bas_msl;;;.m
set;644363958;\herbert_core\configuration\@config_base;0;classes/configuration/@config_bas_msl;;;.m
parse_set_internal;1785328182;\herbert_core\configuration\@config_base\private;0;classes/configuration/@config_bas_msl/private;;;.m
config_store;3442727250;\herbert_core\configuration\@config_store;1;classes\configuration\@config_stor_msl;config_stor_msl;;.m
check_isconfigured;577265832;\herbert_core\configuration\@config_store\private;0;classes/configuration/@config_stor_msl/private;;;.m
clear_particular_config;801062907;\herbert_core\configuration\@config_store\private;0;classes/configuration/@config_stor_msl/private;;;.m
config_file_name;2776166367;\herbert_core\configuration\@config_store\private;0;classes/configuration/@config_stor_msl/private;;;.m
delete_all_files;1470042634;\herbert_core\configuration\@config_store\private;0;classes/configuration/@config_stor_msl/private;;;.m
get_config_;3790688330;\herbert_core\configuration\@config_store\private;0;classes/configuration/@config_stor_msl/private;;;.m
get_config_val_internal;534779044;\herbert_core\configuration\@config_store\private;0;classes/configuration/@config_stor_msl/private;;;.m
load_config_from_file;2911047887;\herbert_core\configuration\@config_store\private;0;classes/configuration/@config_stor_msl/private;;;.m
save_config;3991930591;\herbert_core\configuration\@config_store\private;0;classes/configuration/@config_stor_msl/private;;;.m
store_internal;3372600400;\herbert_core\configuration\@config_store\private;0;classes/configuration/@config_stor_msl/private;;;.m
