source_name_;checksum_;source_path_;is_folder_class_;dest_path_;dest_name_;dest_checksum_;fext_;
Singleton;605818384;\classes;0;\classes;;;.m
equal_to_tol;2703169259;\utilities\maths;0;utilities/general;;;.m
check_file_exist;1022712591;\classes\data_loaders;0;\classes\data_loaders;;;.m
find_dataset_info;1773122636;\classes\data_loaders;0;\classes\data_loaders;;;.m
find_root_nexus_dir;3691192246;\classes\data_loaders;0;\classes\data_loaders;;;.m
get_hor_format;313189400;\classes\data_loaders;0;\classes\data_loaders;;;.m
get_ascii_file;3348760070;\_lowlevelcode\cpp\get_ascii_file;0;_LowLevelCode\32and64after7.4;;;.vcproj
get_ascii_file;634804819;\_lowlevelcode\cpp\get_ascii_file;0;_LowLevelCode\32and64after7.4;;;.sln
IIget_ascii_file;1936147242;\_lowlevelcode\cpp\get_ascii_file;0;_LowLevelCode\32and64after7.4;;;.cpp
get_ascii_file;2017995740;\_lowlevelcode\cpp\get_ascii_file;0;_LowLevelCode\32and64after7.4;;;.cpp
config_base;1911506481;\configuration\@config_base;1;classes\configuration\@config_bas_msl;config_bas_msl;2387314629;.m;2;config_base;config_bas_msl;config_store;config_stor_msl
get;1015692523;\configuration\@config_base;0;classes/configuration/@config_bas_msl;;;.m
get_all;2853662267;\configuration\@config_base;0;classes/configuration/@config_bas_msl;;3017915423;.m;1;config_store;config_stor_msl
set;2050474839;\configuration\@config_base;0;classes/configuration/@config_bas_msl;;726909696;.m;1;config_store;config_stor_msl
parse_set_internal;3468659554;\configuration\@config_base\private;0;classes/configuration/@config_bas_msl/private;;;.m
config_store;369517593;\configuration\@config_store;1;classes\configuration\@config_stor_msl;config_stor_msl;2628718113;.m;2;config_store;config_stor_msl;config_base;config_bas_msl
check_isconfigured;705233309;\configuration\@config_store\private;0;classes/configuration/@config_stor_msl/private;;27296330;.m;1;config_store;config_stor_msl
clear_particular_config;1668723461;\configuration\@config_store\private;0;classes/configuration/@config_stor_msl/private;;;.m
config_file_name;2291498219;\configuration\@config_store\private;0;classes/configuration/@config_stor_msl/private;;291633068;.m;1;config_store;config_stor_msl
delete_all_files;2716191474;\configuration\@config_store\private;0;classes/configuration/@config_stor_msl/private;;533193462;.m;1;config_store;config_stor_msl
get_config_internal;4018828867;\configuration\@config_store\private;0;classes/configuration/@config_stor_msl/private;;;.m
load_config_from_file;4171252459;\configuration\@config_store\private;0;classes/configuration/@config_stor_msl/private;;;.m
make_config_folder;1307835925;\configuration\@config_store\private;0;classes/configuration/@config_stor_msl/private;;;.m
save_config;2519456900;\configuration\@config_store\private;0;classes/configuration/@config_stor_msl/private;;;.m
get_par;3963156461;\classes\data_loaders;0;\classes\data_loaders;;1226288644;.m;2;asciipar_loader;asciipar_msl_ldr;loaders_factory;loaders_msl_factory
asciipar_loader;3887595296;\classes\data_loaders\@asciipar_loader;1;classes\data_loaders\@asciipar_msl_ldr;asciipar_msl_ldr;3137711500;.m;1;asciipar_loader;asciipar_msl_ldr
check_det_par;3651994924;\classes\data_loaders\@asciipar_loader\private;0;classes/data_loaders/@asciipar_msl_ldr/private;;;.m
check_par_defined;3857593481;\classes\data_loaders\@asciipar_loader\private;0;classes/data_loaders/@asciipar_msl_ldr/private;;;.m
load_ASCII_par;2525669000;\classes\data_loaders\@asciipar_loader\private;0;classes/data_loaders/@asciipar_msl_ldr/private;;500036313;.m;2;herbert_config;mslice_config;use_mex_C;use_mex
load_ASCII_phx;3116462361;\classes\data_loaders\@asciipar_loader\private;0;classes/data_loaders/@asciipar_msl_ldr/private;;2370915730;.m;2;herbert_config;mslice_config;use_mex_C;use_mex
load_phx_or_par_private;3850685275;\classes\data_loaders\@asciipar_loader\private;0;classes/data_loaders/@asciipar_msl_ldr/private;;331543596;.m;1;herbert_config;mslice_config
parse_loadpar_arguments;2110438762;\classes\data_loaders\@asciipar_loader\private;0;classes/data_loaders/@asciipar_msl_ldr/private;;2838857839;.m;2;herbert_config;mslice_config;asciipar_loader;asciipar_msl_ldr
a_loader;1933688806;\classes\data_loaders\@a_loader;1;classes\data_loaders\@a_msl_loader;a_msl_loader;1977753830;.m;2;asciipar_loader;asciipar_msl_ldr;a_loader;a_msl_loader
check_defined_fields;2610076447;\classes\data_loaders\@a_loader\private;0;classes/data_loaders/@a_msl_loader/private;;;.m
data_empty;3526135055;\classes\data_loaders\@a_loader\private;0;classes/data_loaders/@a_msl_loader/private;;;.m
get_consistent_array;3895771080;\classes\data_loaders\@a_loader\private;0;classes/data_loaders/@a_msl_loader/private;;;.m
is_loader_valid_internal;748114928;\classes\data_loaders\@a_loader\private;0;classes/data_loaders/@a_msl_loader/private;;;.m
save_nxspe_internal;4092599272;\classes\data_loaders\@a_loader\private;0;classes/data_loaders/@a_msl_loader/private;;;.m
set_consistent_array;1036657468;\classes\data_loaders\@a_loader\private;0;classes/data_loaders/@a_msl_loader/private;;;.m
load_data;3130649760;\classes\data_loaders\@loader_ascii;0;classes/data_loaders/@ldr_msl_ascii;;2176567579;.m;2;herbert_config;mslice_config;use_mex_C;use_mex
loader_ascii;3808605448;\classes\data_loaders\@loader_ascii;1;classes\data_loaders\@ldr_msl_ascii;ldr_msl_ascii;174284657;.m;2;a_loader;a_msl_loader;loader_ascii;ldr_msl_ascii
get_spe_matlab;268870843;\classes\data_loaders\@loader_ascii\private;0;classes/data_loaders/@ldr_msl_ascii/private;;;.m
load_data;3126714801;\classes\data_loaders\@loader_nxspe;0;classes/data_loaders/@ldr_msl_nxspe;;2093402296;.m;1;loader_nxspe;ldr_msl_nxspe
load_par;3397591665;\classes\data_loaders\@loader_nxspe;0;classes/data_loaders/@ldr_msl_nxspe;;1428425130;.m;3;loader_nxspe;ldr_msl_nxspe;asciipar_loader;asciipar_msl_ldr;herbert_config;mslice_config
loader_nxspe;2470524538;\classes\data_loaders\@loader_nxspe;1;classes\data_loaders\@ldr_msl_nxspe;ldr_msl_nxspe;976158996;.m;2;a_loader;a_msl_loader;loader_nxspe;ldr_msl_nxspe
check_file_correct_get_info;2379130304;\classes\data_loaders\@loader_nxspe\private;0;classes/data_loaders/@ldr_msl_nxspe/private;;2086506552;.m;1;loader_nxspe;ldr_msl_nxspe
load_nxspe_par;3691410612;\classes\data_loaders\@loader_nxspe\private;0;classes/data_loaders/@ldr_msl_nxspe/private;;3588761014;.m;1;herbert_config;mslice_config
load_data;1921255844;\classes\data_loaders\@loader_speh5;0;classes/data_loaders/@ldr_msl_speh5;;2687947284;.m;1;loader_speh5;ldr_msl_speh5
loader_speh5;990608891;\classes\data_loaders\@loader_speh5;1;classes\data_loaders\@ldr_msl_speh5;ldr_msl_speh5;3048167637;.m;2;a_loader;a_msl_loader;loader_speh5;ldr_msl_speh5
check_file_correct;1925097449;\classes\data_loaders\@loader_speh5\private;0;classes/data_loaders/@ldr_msl_speh5/private;;;.m
load_data;1654939195;\classes\data_loaders\@memfile;0;classes/data_loaders/@ldr_msl_membased;;2785276044;.m;2;memfile;ldr_msl_membased;mem_file_fs;mem_msl_fs
memfile;170522648;\classes\data_loaders\@memfile;1;classes\data_loaders\@ldr_msl_membased;ldr_msl_membased;3842611272;.m;3;a_loader;a_msl_loader;memfile;ldr_msl_membased;mem_file_fs;mem_msl_fs
check_defined_fields;422082653;\classes\data_loaders\@memfile\private;0;classes/data_loaders/@ldr_msl_membased/private;;;.m
parse_load_varargout;3147460406;\classes\data_loaders\@memfile\private;0;classes/data_loaders/@ldr_msl_membased/private;;;.m
mem_file_fs;2307130069;\classes\data_loaders;0;;mem_msl_fs;1709677606;.m;1;mem_file_fs;mem_msl_fs
loaders_factory;2836751681;\classes\data_loaders;0;;loaders_msl_factory;3856220077;.m;6;loaders_factory;loaders_msl_factory;a_loader;a_msl_loader;loader_ascii;ldr_msl_ascii;loader_nxspe;ldr_msl_nxspe;loader_speh5;ldr_msl_speh5;memfile;ldr_msl_membased
store_internal;2460722403;\configuration\@config_store\private;0;classes/configuration/@config_stor_msl/private;;;.m
load_ASCII_phx_as_par;861236340;\classes\data_loaders\@asciipar_loader\private;0;classes/data_loaders/@asciipar_msl_ldr/private;;;.m
