func_name;checksum; herbert_path; mslice_path
memfile_fs_m;memfile_fs;198166;\classes\data_loaders;classes\data_loaders;.m
loaders_factory_m;loaders_factory;226920;\classes\data_loaders;classes\data_loaders;.m
check_file_exist_m;check_file_exist;70514;\classes\data_loaders;classes\data_loaders;.m
find_dataset_info_m;find_dataset_info;423418;\classes\data_loaders;classes\data_loaders;.m
find_root_nexus_dir_m;find_root_nexus_dir;269370;\classes\data_loaders;classes\data_loaders;.m
get_hor_format_m;get_hor_format;240098;\classes\data_loaders;classes\data_loaders;.m
get_par_m;get_par;135400;\classes\data_loaders;classes\data_loaders;.m
a_a_loader_a_loader_m;a_loader;1001660;\classes\data_loaders\@a_loader;classes\data_loaders\@a_loader;.m
a_a_loader_private_check_defined_fields_m;check_defined_fields;69940;\classes\data_loaders\@a_loader\private;classes\data_loaders\@a_loader\private;.m
a_a_loader_private_data_empty_m;data_empty;32718;\classes\data_loaders\@a_loader\private;classes\data_loaders\@a_loader\private;.m
a_a_loader_private_get_consistent_array_m;get_consistent_array;46477;\classes\data_loaders\@a_loader\private;classes\data_loaders\@a_loader\private;.m
a_a_loader_private_is_loader_valid_internal_m;is_loader_valid_internal;159216;\classes\data_loaders\@a_loader\private;classes\data_loaders\@a_loader\private;.m
a_a_loader_private_save_nxspe_internal_m;save_nxspe_internal;848158;\classes\data_loaders\@a_loader\private;classes\data_loaders\@a_loader\private;.m
a_a_loader_private_set_consistent_array_m;set_consistent_array;37109;\classes\data_loaders\@a_loader\private;classes\data_loaders\@a_loader\private;.m
a_asciipar_loader_asciipar_loader_m;asciipar_loader;617441;\classes\data_loaders\@asciipar_loader;classes\data_loaders\@asciipar_loader;.m
a_asciipar_loader_private_check_det_par_m;check_det_par;61897;\classes\data_loaders\@asciipar_loader\private;classes\data_loaders\@asciipar_loader\private;.m
a_asciipar_loader_private_check_par_defined_m;check_par_defined;41171;\classes\data_loaders\@asciipar_loader\private;classes\data_loaders\@asciipar_loader\private;.m
a_asciipar_loader_private_load_ASCII_par_m;load_ASCII_par;44055;\classes\data_loaders\@asciipar_loader\private;classes\data_loaders\@asciipar_loader\private;.m
a_asciipar_loader_private_load_ASCII_phx_m;load_ASCII_phx;236886;\classes\data_loaders\@asciipar_loader\private;classes\data_loaders\@asciipar_loader\private;.m
a_asciipar_loader_private_load_ASCII_phx_as_par_m;load_ASCII_phx_as_par;45444;\classes\data_loaders\@asciipar_loader\private;classes\data_loaders\@asciipar_loader\private;.m
a_asciipar_loader_private_load_phx_or_par_private_m;load_phx_or_par_private;172671;\classes\data_loaders\@asciipar_loader\private;classes\data_loaders\@asciipar_loader\private;.m
a_asciipar_loader_private_parse_loadpar_arguments_m;parse_loadpar_arguments;199741;\classes\data_loaders\@asciipar_loader\private;classes\data_loaders\@asciipar_loader\private;.m
a_loader_nxspe_load_data_m;load_data;120954;\classes\data_loaders\@loader_nxspe;classes\data_loaders\@loader_nxspe;.m
a_loader_nxspe_load_par_m;load_par;280070;\classes\data_loaders\@loader_nxspe;classes\data_loaders\@loader_nxspe;.m
a_loader_nxspe_loader_nxspe_m;loader_nxspe;492508;\classes\data_loaders\@loader_nxspe;classes\data_loaders\@loader_nxspe;.m
a_loader_nxspe_private_check_file_correct_get_info_m;check_file_correct_get_info;142303;\classes\data_loaders\@loader_nxspe\private;classes\data_loaders\@loader_nxspe\private;.m
a_loader_nxspe_private_load_nxspe_par_m;load_nxspe_par;134175;\classes\data_loaders\@loader_nxspe\private;classes\data_loaders\@loader_nxspe\private;.m
a_loader_speh5_load_data_m;load_data;112470;\classes\data_loaders\@loader_speh5;classes\data_loaders\@loader_speh5;.m
a_loader_speh5_loader_speh5_m;loader_speh5;400600;\classes\data_loaders\@loader_speh5;classes\data_loaders\@loader_speh5;.m
a_loader_speh5_private_check_file_correct_m;check_file_correct;44373;\classes\data_loaders\@loader_speh5\private;classes\data_loaders\@loader_speh5\private;.m
a_memfile_load_data_m;load_data;95891;\classes\data_loaders\@memfile;classes\data_loaders\@memfile;.m
a_memfile_memfile_m;memfile;434970;\classes\data_loaders\@memfile;classes\data_loaders\@memfile;.m
a_memfile_private_check_defined_fields_m;check_defined_fields;30298;\classes\data_loaders\@memfile\private;classes\data_loaders\@memfile\private;.m
a_memfile_private_parse_load_varargout_m;parse_load_varargout;51372;\classes\data_loaders\@memfile\private;classes\data_loaders\@memfile\private;.m
a_config_base_config_base_m;config_base;424823;\configuration\@config_base;classes\configuration\@config_base;.m
a_config_base_get_m;get;81702;\configuration\@config_base;classes\configuration\@config_base;.m
a_config_base_get_all_m;get_all;71773;\configuration\@config_base;classes\configuration\@config_base;.m
a_config_base_set_m;set;101399;\configuration\@config_base;classes\configuration\@config_base;.m
a_config_base_private_parse_set_internal_m;parse_set_internal;81400;\configuration\@config_base\private;classes\configuration\@config_base\private;.m
a_config_store_config_store_m;config_store;523473;\configuration\@config_store;classes\configuration\@config_store;.m
a_config_store_private_check_isconfigured_m;check_isconfigured;15165;\configuration\@config_store\private;classes\configuration\@config_store\private;.m
a_config_store_private_clear_particular_config_m;clear_particular_config;51509;\configuration\@config_store\private;classes\configuration\@config_store\private;.m
a_config_store_private_config_file_name_m;config_file_name;25648;\configuration\@config_store\private;classes\configuration\@config_store\private;.m
a_config_store_private_config_store_internal_m;config_store_internal;161493;\configuration\@config_store\private;classes\configuration\@config_store\private;.m
a_config_store_private_delete_all_files_m;delete_all_files;8842;\configuration\@config_store\private;classes\configuration\@config_store\private;.m
a_config_store_private_get_config_internal_m;get_config_internal;124849;\configuration\@config_store\private;classes\configuration\@config_store\private;.m
a_config_store_private_load_config_from_file_m;load_config_from_file;72282;\configuration\@config_store\private;classes\configuration\@config_store\private;.m
a_config_store_private_make_config_folder_m;make_config_folder;90130;\configuration\@config_store\private;classes\configuration\@config_store\private;.m
a_config_store_private_save_config_m;save_config;34285;\configuration\@config_store\private;classes\configuration\@config_store\private;.m
Singleton_m;Singleton;250281;\classes;Classes\Singleton;.m
a_loader_ascii_load_data_m;load_data;39172;\classes\data_loaders\@loader_ascii;classes\data_loaders\@loader_ascii;.m
a_loader_ascii_loader_ascii_m;loader_ascii;416558;\classes\data_loaders\@loader_ascii;classes\data_loaders\@loader_ascii;.m
a_loader_ascii_private_get_spe_matlab_m;get_spe_matlab;179292;\classes\data_loaders\@loader_ascii\private;classes\data_loaders\@loader_ascii\private;.m
